# run @ 2025-08-25T16:01:56.994Z  (cwd:/home/michael/soulfield)

$ echo "=== UK Marketplace MVP Workspace Check ==="
=== UK Marketplace MVP Workspace Check ===

$ ls -la ./legal/
total 12
drwxrwxr-x  2 michael michael 4096 Aug 25 17:01 .
drwxrwxr-x 15 michael michael 4096 Aug 25 17:01 ..
-rw-rw-r--  1 michael michael   45 Aug 25 17:01 privacy.md

$ head -n 5 ./requirements.txt
Requirements placeholder

$ head -n 5 ./maker-agreement-template.md
head: cannot open './maker-agreement-template.md' for reading: No such file or directory

$ head -n 5 ./.env.example
head: cannot open './.env.example' for reading: No such file or directory

$ head -n 3 ./config/stripe_uk.env
head: cannot open './config/stripe_uk.env' for reading: No such file or directory

$ head -n 5 ./public/index.html
head: cannot open './public/index.html' for reading: No such file or directory

$ head -n 3 ./inventory/*.json
head: cannot open './inventory/*.json' for reading: No such file or directory
